Archive member included to satisfy reference by file (symbol)

c:/program files (x86)/atmel/studio/7.0/toolchain/avr8/avr8-gnu-toolchain/bin/../lib/gcc/avr/5.4.0/../../../../avr/lib/avr5\libm.a(addsf3.o)
                              GPS/TinyGPS++.o (__subsf3)
c:/program files (x86)/atmel/studio/7.0/toolchain/avr8/avr8-gnu-toolchain/bin/../lib/gcc/avr/5.4.0/../../../../avr/lib/avr5\libm.a(addsf3x.o)
                              c:/program files (x86)/atmel/studio/7.0/toolchain/avr8/avr8-gnu-toolchain/bin/../lib/gcc/avr/5.4.0/../../../../avr/lib/avr5\libm.a(addsf3.o) (__addsf3x)
c:/program files (x86)/atmel/studio/7.0/toolchain/avr8/avr8-gnu-toolchain/bin/../lib/gcc/avr/5.4.0/../../../../avr/lib/avr5\libm.a(atan2.o)
                              GPS/TinyGPS++.o (atan2)
c:/program files (x86)/atmel/studio/7.0/toolchain/avr8/avr8-gnu-toolchain/bin/../lib/gcc/avr/5.4.0/../../../../avr/lib/avr5\libm.a(atan.o)
                              c:/program files (x86)/atmel/studio/7.0/toolchain/avr8/avr8-gnu-toolchain/bin/../lib/gcc/avr/5.4.0/../../../../avr/lib/avr5\libm.a(atan2.o) (atan)
c:/program files (x86)/atmel/studio/7.0/toolchain/avr8/avr8-gnu-toolchain/bin/../lib/gcc/avr/5.4.0/../../../../avr/lib/avr5\libm.a(cmpsf2.o)
                              GPS/TinyGPS++.o (__ltsf2)
c:/program files (x86)/atmel/studio/7.0/toolchain/avr8/avr8-gnu-toolchain/bin/../lib/gcc/avr/5.4.0/../../../../avr/lib/avr5\libm.a(cos.o)
                              GPS/TinyGPS++.o (cos)
c:/program files (x86)/atmel/studio/7.0/toolchain/avr8/avr8-gnu-toolchain/bin/../lib/gcc/avr/5.4.0/../../../../avr/lib/avr5\libm.a(divsf3.o)
                              GPS/TinyGPS++.o (__divsf3)
c:/program files (x86)/atmel/studio/7.0/toolchain/avr8/avr8-gnu-toolchain/bin/../lib/gcc/avr/5.4.0/../../../../avr/lib/avr5\libm.a(divsf3x.o)
                              c:/program files (x86)/atmel/studio/7.0/toolchain/avr8/avr8-gnu-toolchain/bin/../lib/gcc/avr/5.4.0/../../../../avr/lib/avr5\libm.a(divsf3.o) (__divsf3x)
c:/program files (x86)/atmel/studio/7.0/toolchain/avr8/avr8-gnu-toolchain/bin/../lib/gcc/avr/5.4.0/../../../../avr/lib/avr5\libm.a(fixsfsi.o)
                              GPS/TinyGPS++.o (__fixsfsi)
c:/program files (x86)/atmel/studio/7.0/toolchain/avr8/avr8-gnu-toolchain/bin/../lib/gcc/avr/5.4.0/../../../../avr/lib/avr5\libm.a(fixunssfsi.o)
                              c:/program files (x86)/atmel/studio/7.0/toolchain/avr8/avr8-gnu-toolchain/bin/../lib/gcc/avr/5.4.0/../../../../avr/lib/avr5\libm.a(fixsfsi.o) (__fixunssfsi)
c:/program files (x86)/atmel/studio/7.0/toolchain/avr8/avr8-gnu-toolchain/bin/../lib/gcc/avr/5.4.0/../../../../avr/lib/avr5\libm.a(floatsisf.o)
                              GPS/TinyGPS++.o (__floatunsisf)
c:/program files (x86)/atmel/studio/7.0/toolchain/avr8/avr8-gnu-toolchain/bin/../lib/gcc/avr/5.4.0/../../../../avr/lib/avr5\libm.a(fp_cmp.o)
                              c:/program files (x86)/atmel/studio/7.0/toolchain/avr8/avr8-gnu-toolchain/bin/../lib/gcc/avr/5.4.0/../../../../avr/lib/avr5\libm.a(cmpsf2.o) (__fp_cmp)
c:/program files (x86)/atmel/studio/7.0/toolchain/avr8/avr8-gnu-toolchain/bin/../lib/gcc/avr/5.4.0/../../../../avr/lib/avr5\libm.a(fp_inf.o)
                              c:/program files (x86)/atmel/studio/7.0/toolchain/avr8/avr8-gnu-toolchain/bin/../lib/gcc/avr/5.4.0/../../../../avr/lib/avr5\libm.a(addsf3x.o) (__fp_inf)
c:/program files (x86)/atmel/studio/7.0/toolchain/avr8/avr8-gnu-toolchain/bin/../lib/gcc/avr/5.4.0/../../../../avr/lib/avr5\libm.a(fp_nan.o)
                              c:/program files (x86)/atmel/studio/7.0/toolchain/avr8/avr8-gnu-toolchain/bin/../lib/gcc/avr/5.4.0/../../../../avr/lib/avr5\libm.a(addsf3x.o) (__fp_nan)
c:/program files (x86)/atmel/studio/7.0/toolchain/avr8/avr8-gnu-toolchain/bin/../lib/gcc/avr/5.4.0/../../../../avr/lib/avr5\libm.a(fp_powser.o)
                              c:/program files (x86)/atmel/studio/7.0/toolchain/avr8/avr8-gnu-toolchain/bin/../lib/gcc/avr/5.4.0/../../../../avr/lib/avr5\libm.a(atan.o) (__fp_powser)
c:/program files (x86)/atmel/studio/7.0/toolchain/avr8/avr8-gnu-toolchain/bin/../lib/gcc/avr/5.4.0/../../../../avr/lib/avr5\libm.a(fp_pscA.o)
                              c:/program files (x86)/atmel/studio/7.0/toolchain/avr8/avr8-gnu-toolchain/bin/../lib/gcc/avr/5.4.0/../../../../avr/lib/avr5\libm.a(addsf3x.o) (__fp_pscA)
c:/program files (x86)/atmel/studio/7.0/toolchain/avr8/avr8-gnu-toolchain/bin/../lib/gcc/avr/5.4.0/../../../../avr/lib/avr5\libm.a(fp_pscB.o)
                              c:/program files (x86)/atmel/studio/7.0/toolchain/avr8/avr8-gnu-toolchain/bin/../lib/gcc/avr/5.4.0/../../../../avr/lib/avr5\libm.a(addsf3x.o) (__fp_pscB)
c:/program files (x86)/atmel/studio/7.0/toolchain/avr8/avr8-gnu-toolchain/bin/../lib/gcc/avr/5.4.0/../../../../avr/lib/avr5\libm.a(fp_rempio2.o)
[...]
Memory Configuration

Name             Origin             Length             Attributes
text             0x00000000         0x00008000         xr
data             0x00800060         0x00000800         rw !x
eeprom           0x00810000         0x00000400         rw !x
fuse             0x00820000         0x00000002         rw !x
lock             0x00830000         0x00000400         rw !x
signature        0x00840000         0x00000400         rw !x
user_signatures  0x00850000         0x00000400         rw !x
*default*        0x00000000         0xffffffff

Linker script and memory map

LOAD C:/Program Files (x86)/Atmel/Studio/7.0/Packs/atmel/ATmega_DFP/1.7.374/gcc/dev/atmega32/avr5/crtatmega32.o
LOAD GPS/Timing/runTime.o
LOAD GPS/TinyGPS++.o
LOAD LCD/easyAVRLCD.o
LOAD main.o
LOAD USART/USARTHandler.o
START GROUP
LOAD c:/program files (x86)/atmel/studio/7.0/toolchain/avr8/avr8-gnu-toolchain/bin/../lib/gcc/avr/5.4.0/../../../../avr/lib/avr5\libm.a
END GROUP
LOAD c:/program files (x86)/atmel/studio/7.0/toolchain/avr8/avr8-gnu-toolchain/bin/../lib/gcc/avr/5.4.0/../../../../avr/lib/avr5\libprintf_flt.a
LOAD c:/program files (x86)/atmel/studio/7.0/toolchain/avr8/avr8-gnu-toolchain/bin/../lib/gcc/avr/5.4.0/avr5\libgcc.a
LOAD c:/program files (x86)/atmel/studio/7.0/toolchain/avr8/avr8-gnu-toolchain/bin/../lib/gcc/avr/5.4.0/../../../../avr/lib/avr5\libm.a
START GROUP
LOAD c:/program files (x86)/atmel/studio/7.0/toolchain/avr8/avr8-gnu-toolchain/bin/../lib/gcc/avr/5.4.0/avr5\libgcc.a
LOAD c:/program files (x86)/atmel/studio/7.0/toolchain/avr8/avr8-gnu-toolchain/bin/../lib/gcc/avr/5.4.0/../../../../avr/lib/avr5\libm.a
LOAD c:/program files (x86)/atmel/studio/7.0/toolchain/avr8/avr8-gnu-toolchain/bin/../lib/gcc/avr/5.4.0/../../../../avr/lib/avr5\libc.a
LOAD C:/Program Files (x86)/Atmel/Studio/7.0/Packs/atmel/ATmega_DFP/1.7.374/gcc/dev/atmega32/avr5\libatmega32.a
END GROUP
                0x00000000                __TEXT_REGION_ORIGIN__ = DEFINED (__TEXT_REGION_ORIGIN__)?__TEXT_REGION_ORIGIN__:0x0
                [0x00800060]                __DATA_REGION_ORIGIN__ = DEFINED (__DATA_REGION_ORIGIN__)?__DATA_REGION_ORIGIN__:0x800060
                [0x00008000]                __TEXT_REGION_LENGTH__ = DEFINED (__TEXT_REGION_LENGTH__)?__TEXT_REGION_LENGTH__:0x20000
                [0x00000800]                __DATA_REGION_LENGTH__ = DEFINED (__DATA_REGION_LENGTH__)?__DATA_REGION_LENGTH__:0xffa0
                [0x00000400]                __EEPROM_REGION_LENGTH__ = DEFINED (__EEPROM_REGION_LENGTH__)?__EEPROM_REGION_LENGTH__:0x10000
                [0x00000002]                __FUSE_REGION_LENGTH__ = DEFINED (__FUSE_REGION_LENGTH__)?__FUSE_REGION_LENGTH__:0x400
                0x00000400                __LOCK_REGION_LENGTH__ = DEFINED (__LOCK_REGION_LENGTH__)?__LOCK_REGION_LENGTH__:0x400
                0x00000400                __SIGNATURE_REGION_LENGTH__ = DEFINED (__SIGNATURE_REGION_LENGTH__)?__SIGNATURE_REGION_LENGTH__:0x400
                0x00000400                __USER_SIGNATURE_REGION_LENGTH__ = DEFINED (__USER_SIGNATURE_REGION_LENGTH__)?__USER_SIGNATURE_REGION_LENGTH__:0x400

.hash
 *(.hash)

.dynsym
 *(.dynsym)

.dynstr
 *(.dynstr)

.gnu.version
 *(.gnu.version)

.gnu.version_d
 *(.gnu.version_d)

.gnu.version_r
 *(.gnu.version_r)

.rel.init
 *(.rel.init)

.rela.init
 *(.rela.init)

.rel.text
 *(.rel.text)
 *(.rel.text.*)
 *(.rel.gnu.linkonce.t*)

.rela.text
 *(.rela.text)
 *(.rela.text.*)
 *(.rela.gnu.linkonce.t*)

.rel.fini
 *(.rel.fini)

.rela.fini
 *(.rela.fini)

.rel.rodata
 *(.rel.rodata)
 *(.rel.rodata.*)
 *(.rel.gnu.linkonce.r*)

.rela.rodata
 *(.rela.rodata)
 *(.rela.rodata.*)
 *(.rela.gnu.linkonce.r*)

.rel.data
 *(.rel.data)
 *(.rel.data.*)
 *(.rel.gnu.linkonce.d*)

.rela.data
 *(.rela.data)
 *(.rela.data.*)
 *(.rela.gnu.linkonce.d*)

.rel.ctors
 *(.rel.ctors)

.rela.ctors
 *(.rela.ctors)

.rel.dtors
 *(.rel.dtors)

.rela.dtors
 *(.rela.dtors)

.rel.got
 *(.rel.got)

.rela.got
 *(.rela.got)

.rel.bss
 *(.rel.bss)

.rela.bss
 *(.rela.bss)

.rel.plt
 *(.rel.plt)

.rela.plt
 *(.rela.plt)

.text           0x00000000     0x3432
 *(.vectors)
 .vectors       0x00000000       0x54 C:/Program Files (x86)/Atmel/Studio/7.0/Packs/atmel/ATmega_DFP/1.7.374/gcc/dev/atmega32/avr5/crtatmega32.o
                0x00000000                __vector_default
                0x00000000                __vectors
 *(.vectors)
 *(.progmem.gcc*)
 .progmem.gcc_sw_table._ZN11TinyGPSPlus16endOfTermHandlerEv
                0x00000054       0x52 GPS/TinyGPS++.o
 .progmem.gcc_fplib
                0x000000a6       0x2d c:/program files (x86)/atmel/studio/7.0/toolchain/avr8/avr8-gnu-toolchain/bin/../lib/gcc/avr/5.4.0/../../../../avr/lib/avr5\libm.a(atan.o)
 .progmem.gcc_fplib
                0x000000d3       0x1e c:/program files (x86)/atmel/studio/7.0/toolchain/avr8/avr8-gnu-toolchain/bin/../lib/gcc/avr/5.4.0/../../../../avr/lib/avr5\libm.a(fp_sinus.o)
 .progmem.gcc_fplib
                0x000000f1       0x28 c:/program files (x86)/atmel/studio/7.0/toolchain/avr8/avr8-gnu-toolchain/bin/../lib/gcc/avr/5.4.0/../../../../avr/lib/avr5\libm.a(exp.o)
 .progmem.gcc_fplib
                0x00000119       0x5a c:/program files (x86)/atmel/studio/7.0/toolchain/avr8/avr8-gnu-toolchain/bin/../lib/gcc/avr/5.4.0/../../../../avr/lib/avr5\libm.a(log.o)
                0x00000174                . = ALIGN (0x2)
 *fill*         0x00000173        0x1 
                0x00000174                __trampolines_start = .
 *(.trampolines)
 .trampolines   0x00000174        0x0 linker stubs
 *(.trampolines*)
                0x00000174                __trampolines_end = .
 *libprintf_flt.a:*(.progmem.data)
 .progmem.data  0x00000174        0x8 c:/program files (x86)/atmel/studio/7.0/toolchain/avr8/avr8-gnu-toolchain/bin/../lib/gcc/avr/5.4.0/../../../../avr/lib/avr5\libprintf_flt.a(vfprintf_flt.o)
 *libc.a:*(.progmem.data)
 .progmem.data  0x0000017c       0xfa c:/program files (x86)/atmel/studio/7.0/toolchain/avr8/avr8-gnu-toolchain/bin/../lib/gcc/avr/5.4.0/../../../../avr/lib/avr5\libc.a(ftoa_engine.o)
 *(.progmem*)
                0x00000276                . = ALIGN (0x2)
 *(.jumptables)
 *(.jumptables*)
 *(.lowtext)
 *(.lowtext*)
                0x00000276                __ctors_start = .
 *(.ctors)
 .ctors         0x00000276        0x2 main.o
                0x00000278                __ctors_end = .
                0x00000278                __dtors_start = .
 *(.dtors)
                0x00000278                __dtors_end = .
 SORT(*)(.ctors)
 SORT(*)(.dtors)
 *(.init0)
 .init0         0x00000278        0x0 C:/Program Files (x86)/Atmel/Studio/7.0/Packs/atmel/ATmega_DFP/1.7.374/gcc/dev/atmega32/avr5/crtatmega32.o
                0x00000278                __init
 *(.init0)
 *(.init1)
 *(.init1)
 *(.init2)
 .init2         0x00000278        0xc C:/Program Files (x86)/Atmel/Studio/7.0/Packs/atmel/ATmega_DFP/1.7.374/gcc/dev/atmega32/avr5/crtatmega32.o
 *(.init2)
 *(.init3)
 *(.init3)
 *(.init4)
 .init4         0x00000284       0x16 c:/program files (x86)/atmel/studio/7.0/toolchain/avr8/avr8-gnu-toolchain/bin/../lib/gcc/avr/5.4.0/avr5\libgcc.a(_copy_data.o)
                0x00000284                __do_copy_data
 .init4         0x0000029a       0x10 c:/program files (x86)/atmel/studio/7.0/toolchain/avr8/avr8-gnu-toolchain/bin/../lib/gcc/avr/5.4.0/avr5\libgcc.a(_clear_bss.o)
                0x0000029a                __do_clear_bss
 *(.init4)
 *(.init5)
 *(.init5)
 *(.init6)
 .init6         0x000002aa       0x16 c:/program files (x86)/atmel/studio/7.0/toolchain/avr8/avr8-gnu-toolchain/bin/../lib/gcc/avr/5.4.0/avr5\libgcc.a(_ctors.o)
                0x000002aa                __do_global_ctors
 *(.init6)
 *(.init7)
 *(.init7)
 *(.init8)
 *(.init8)
 *(.init9)
 .init9         0x000002c0        0x8 C:/Program Files (x86)/Atmel/Studio/7.0/Packs/atmel/ATmega_DFP/1.7.374/gcc/dev/atmega32/avr5/crtatmega32.o
 *(.init9)
 *(.text)
 .text          0x000002c8        0x4 C:/Program Files (x86)/Atmel/Studio/7.0/Packs/atmel/ATmega_DFP/1.7.374/gcc/dev/atmega32/avr5/crtatmega32.o
                0x000002c8                __vector_1
                0x000002c8                __vector_12
                0x000002c8                __bad_interrupt
                0x000002c8                __vector_6
                0x000002c8                __vector_13
                0x000002c8                __vector_17
                0x000002c8                __vector_19
                0x000002c8                __vector_7
                0x000002c8                __vector_5
                0x000002c8                __vector_4
                0x000002c8                __vector_9
                0x000002c8                __vector_2
                0x000002c8                __vector_15
                0x000002c8                __vector_8
                0x000002c8                __vector_14
                0x000002c8                __vector_10
                0x000002c8                __vector_16
                0x000002c8                __vector_18
                0x000002c8                __vector_20
                0x000002cc                . = ALIGN (0x2)
 *(.text.*)
 .text._Z11runTimeInitv
                0x000002cc       0x10 GPS/Timing/runTime.o
                0x000002cc                _Z11runTimeInitv
 .text.__vector_11
                0x000002dc       0xbe GPS/Timing/runTime.o
                0x000002dc                __vector_11
 .text._Z10getrunTimev
                0x0000039a       0x26 GPS/Timing/runTime.o
                0x0000039a                _Z10getrunTimev
 .text._ZN11TinyGPSPlusC2Ev
                0x000003c0      0x124 GPS/TinyGPS++.o
                0x000003c0                _ZN11TinyGPSPlusC2Ev
                0x000003c0                _ZN11TinyGPSPlusC1Ev
 .text._ZN11TinyGPSPlus7fromHexEc
                0x000004e4       0x2a GPS/TinyGPS++.o
                0x000004e4                _ZN11TinyGPSPlus7fromHexEc
 .text._ZN11TinyGPSPlus12parseDecimalEPKc
                0x0000050e       0xb8 GPS/TinyGPS++.o
                0x0000050e                _ZN11TinyGPSPlus12parseDecimalEPKc
 .text._ZN11TinyGPSPlus12parseDegreesEPKcR10RawDegrees
                0x000005c6      0x138 GPS/TinyGPS++.o
                0x000005c6                _ZN11TinyGPSPlus12parseDegreesEPKcR10RawDegrees
 .text._ZN11TinyGPSPlus15distanceBetweenEdddd
                0x000006fe      0x1de GPS/TinyGPS++.o
                0x000006fe                _ZN11TinyGPSPlus15distanceBetweenEdddd
 .text._ZN11TinyGPSPlus8courseToEdddd
                0x000008dc      0x194 GPS/TinyGPS++.o
                0x000008dc                _ZN11TinyGPSPlus8courseToEdddd
 .text._ZN11TinyGPSPlus8cardinalEd
                0x00000a70       0x40 GPS/TinyGPS++.o
                0x00000a70                _ZN11TinyGPSPlus8cardinalEd
 .text._ZN15TinyGPSLocation6commitEv
                0x00000ab0       0x42 GPS/TinyGPS++.o
                0x00000ab0                _ZN15TinyGPSLocation6commitEv
 .text._ZN15TinyGPSLocation11setLatitudeEPKc
                0x00000af2       0x10 GPS/TinyGPS++.o
                0x00000af2                _ZN15TinyGPSLocation11setLatitudeEPKc
 .text._ZN15TinyGPSLocation12setLongitudeEPKc
                0x00000b02       0x10 GPS/TinyGPS++.o
                0x00000b02                _ZN15TinyGPSLocation12setLongitudeEPKc
 .text._ZN15TinyGPSLocation3latEv
                0x00000b12       0x58 GPS/TinyGPS++.o
                0x00000b12                _ZN15TinyGPSLocation3latEv
 .text._ZN15TinyGPSLocation3lngEv
                0x00000b6a       0x58 GPS/TinyGPS++.o
                0x00000b6a                _ZN15TinyGPSLocation3lngEv
 .text._ZN11TinyGPSDate6commitEv
                0x00000bc2       0x2e GPS/TinyGPS++.o
                0x00000bc2                _ZN11TinyGPSDate6commitEv
 .text._ZN11TinyGPSTime6commitEv
                0x00000bf0       0x2e GPS/TinyGPS++.o
                0x00000bf0                _ZN11TinyGPSTime6commitEv
 .text._ZN11TinyGPSTime7setTimeEPKc
                0x00000c1e       0x1a GPS/TinyGPS++.o
                0x00000c1e                _ZN11TinyGPSTime7setTimeEPKc
 .text._ZN11TinyGPSDate7setDateEPKc
                0x00000c38       0x1a GPS/TinyGPS++.o
                0x00000c38                _ZN11TinyGPSDate7setDateEPKc
 .text._ZN11TinyGPSDate4yearEv
                0x00000c52       0x20 GPS/TinyGPS++.o
                0x00000c52                _ZN11TinyGPSDate4yearEv
 .text._ZN11TinyGPSDate5monthEv
                0x00000c72       0x42 GPS/TinyGPS++.o
                0x00000c72                _ZN11TinyGPSDate5monthEv
 .text._ZN11TinyGPSDate3dayEv
                0x00000cb4       0x1c GPS/TinyGPS++.o
                0x00000cb4                _ZN11TinyGPSDate3dayEv
 .text._ZN11TinyGPSTime4hourEv
                0x00000cd0       0x1c GPS/TinyGPS++.o
                0x00000cd0                _ZN11TinyGPSTime4hourEv
 .text._ZN11TinyGPSTime6minuteEv
                0x00000cec       0x2c GPS/TinyGPS++.o
                0x00000cec                _ZN11TinyGPSTime6minuteEv
 .text._ZN11TinyGPSTime6secondEv
                0x00000d18       0x42 GPS/TinyGPS++.o
                0x00000d18                _ZN11TinyGPSTime6secondEv
 .text._ZN14TinyGPSDecimal6commitEv
                0x00000d5a       0x2e GPS/TinyGPS++.o
                0x00000d5a                _ZN14TinyGPSDecimal6commitEv
 .text._ZN14TinyGPSDecimal3setEPKc
                0x00000d88       0x1a GPS/TinyGPS++.o
                0x00000d88                _ZN14TinyGPSDecimal3setEPKc
 .text._ZN14TinyGPSInteger6commitEv
                0x00000da2       0x2e GPS/TinyGPS++.o
                0x00000da2                _ZN14TinyGPSInteger6commitEv
 .text._ZN14TinyGPSInteger3setEPKc
                0x00000dd0       0x1a GPS/TinyGPS++.o
                0x00000dd0                _ZN14TinyGPSInteger3setEPKc
 .text._ZN13TinyGPSCustom6commitEv
                0x00000dea       0x26 GPS/TinyGPS++.o
                0x00000dea                _ZN13TinyGPSCustom6commitEv
 .text._ZN13TinyGPSCustom3setEPKc
                0x00000e10        0xa GPS/TinyGPS++.o
                0x00000e10                _ZN13TinyGPSCustom3setEPKc
 .text._ZN11TinyGPSPlus16endOfTermHandlerEv
                0x00000e1a      0x3a8 GPS/TinyGPS++.o
                0x00000e1a                _ZN11TinyGPSPlus16endOfTermHandlerEv
 .text._ZN11TinyGPSPlus6encodeEc
                0x000011c2       0xf8 GPS/TinyGPS++.o
                0x000011c2                _ZN11TinyGPSPlus6encodeEc
 .text._Z11pulseEnablev
                0x000012ba        0xe LCD/easyAVRLCD.o
                0x000012ba                _Z11pulseEnablev
 .text._Z6LCDCmdh
                0x000012c8       0x3a LCD/easyAVRLCD.o
                0x000012c8                _Z6LCDCmdh
 .text._Z6LCDChrh
                0x00001302       0x46 LCD/easyAVRLCD.o
                0x00001302                _Z6LCDChrh
 .text._Z10moveCursorhh
                0x00001348       0x26 LCD/easyAVRLCD.o
                0x00001348                _Z10moveCursorhh
 .text._Z6LCDClrv
                0x0000136e       0x1c LCD/easyAVRLCD.o
                0x0000136e                _Z6LCDClrv
 .text._Z9cursorOffv
                0x0000138a        0xe LCD/easyAVRLCD.o
                0x0000138a                _Z9cursorOffv
 .text._Z7LCDInitv
                0x00001398       0xac LCD/easyAVRLCD.o
                0x00001398                _Z7LCDInitv
 .text._Z10string2LCDPKc
                0x00001444       0x1e LCD/easyAVRLCD.o
                0x00001444                _Z10string2LCDPKc
 .text._ZL7readGPSv
                0x00001462       0x40 main.o
 .text._Z41__static_initialization_and_destruction_0ii
                0x000014a2       0x14 main.o
 .text._Z10bootScreenv
                0x000014b6       0x52 main.o
                0x000014b6                _Z10bootScreenv
 .text._Z9tndScreenv
                0x00001508       0xea main.o
                0x00001508                _Z9tndScreenv
 .text._Z10diagScreenv
                0x000015f2       0xfe main.o
                0x000015f2                _Z10diagScreenv
 .text._Z10slotSelectv
                0x000016f0      0x178 main.o
                0x000016f0                _Z10slotSelectv
 .text._Z12saveLocationdd
                0x00001868      0x112 main.o
                0x00001868                _Z12saveLocationdd
 .text._Z9posScreenv
                0x0000197a       0xe0 main.o
                0x0000197a                _Z9posScreenv
 .text._Z9navScreenv
                0x00001a5a      0x218 main.o
                0x00001a5a                _Z9navScreenv
 .text._Z10mainScreenv
                0x00001c72       0x7a main.o
                0x00001c72                _Z10mainScreenv
 .text.main     0x00001cec       0x20 main.o
                0x00001cec                main
 .text.__vector_3
                0x00001d0c       0x2a main.o
                0x00001d0c                __vector_3
 .text._GLOBAL__sub_I_lcdBuf
                0x00001d36        0xe main.o
 .text._Z11USART_startv
                0x00001d44       0x14 USART/USARTHandler.o
                0x00001d44                _Z11USART_startv
 .text._Z13USART_receivev
                0x00001d58        0x8 USART/USARTHandler.o
                0x00001d58                _Z13USART_receivev
 .text.avr-libc.fplib
                0x00001d60        0xe c:/program files (x86)/atmel/studio/7.0/toolchain/avr8/avr8-gnu-toolchain/bin/../lib/gcc/avr/5.4.0/../../../../avr/lib/avr5\libm.a(addsf3.o)
                0x00001d60                __subsf3
                0x00001d62                __addsf3
 .text.avr-libc.fplib
                0x00001d6e       0xcc c:/program files (x86)/atmel/studio/7.0/toolchain/avr8/avr8-gnu-toolchain/bin/../lib/gcc/avr/5.4.0/../../../../avr/lib/avr5\libm.a(addsf3x.o)
                0x00001d90                __addsf3x
 .text.avr-libc.fplib
                0x00001e3a       0x86 c:/program files (x86)/atmel/studio/7.0/toolchain/avr8/avr8-gnu-toolchain/bin/../lib/gcc/avr/5.4.0/../../../../avr/lib/avr5\libm.a(atan2.o)
                0x00001e60                atan2
 .text.avr-libc.fplib
                0x00001ec0       0x5e c:/program files (x86)/atmel/studio/7.0/toolchain/avr8/avr8-gnu-toolchain/bin/../lib/gcc/avr/5.4.0/../../../../avr/lib/avr5\libm.a(atan.o)
                0x00001ec0                atan
 .text.avr-libc.fplib
                0x00001f1e        0xa c:/program files (x86)/atmel/studio/7.0/toolchain/avr8/avr8-gnu-toolchain/bin/../lib/gcc/avr/5.4.0/../../../../avr/lib/avr5\libm.a(cmpsf2.o)
                0x00001f1e                __nesf2
                0x00001f1e                __eqsf2
                0x00001f1e                __cmpsf2
                0x00001f1e                __ltsf2
                0x00001f1e                __lesf2
 .text.avr-libc.fplib
                0x00001f28        0xa c:/program files (x86)/atmel/studio/7.0/toolchain/avr8/avr8-gnu-toolchain/bin/../lib/gcc/avr/5.4.0/../../../../avr/lib/avr5\libm.a(cos.o)
                0x00001f28                cos
 .text.avr-libc.fplib
                0x00001f32        0x8 c:/program files (x86)/atmel/studio/7.0/toolchain/avr8/avr8-gnu-toolchain/bin/../lib/gcc/avr/5.4.0/../../../../avr/lib/avr5\libm.a(divsf3.o)
                0x00001f32                __divsf3
 .text.avr-libc.fplib
                0x00001f3a       0xdc c:/program files (x86)/atmel/studio/7.0/toolchain/avr8/avr8-gnu-toolchain/bin/../lib/gcc/avr/5.4.0/../../../../avr/lib/avr5\libm.a(divsf3x.o)
                0x00001f5a                __divsf3x
                0x00001f60                __divsf3_pse
 .text.avr-libc.fplib
                0x00002016        0xe c:/program files (x86)/atmel/studio/7.0/toolchain/avr8/avr8-gnu-toolchain/bin/../lib/gcc/avr/5.4.0/../../../../avr/lib/avr5\libm.a(fixsfsi.o)
                0x00002016                __fixsfsi
 .text.avr-libc.fplib
                0x00002024       0x5e c:/program files (x86)/atmel/studio/7.0/toolchain/avr8/avr8-gnu-toolchain/bin/../lib/gcc/avr/5.4.0/../../../../avr/lib/avr5\libm.a(fixunssfsi.o)
                0x00002024                __fixunssfsi
 .text.avr-libc.fplib
                0x00002082       0x7a c:/program files (x86)/atmel/studio/7.0/toolchain/avr8/avr8-gnu-toolchain/bin/../lib/gcc/avr/5.4.0/../../../../avr/lib/avr5\libm.a(floatsisf.o)
                0x00002082                __floatunsisf
                0x00002086                __floatsisf
 .text.avr-libc.fplib
                0x000020fc       0x48 c:/program files (x86)/atmel/studio/7.0/toolchain/avr8/avr8-gnu-toolchain/bin/../lib/gcc/avr/5.4.0/../../../../avr/lib/avr5\libm.a(fp_cmp.o)
                0x000020fc                __fp_cmp
 .text.avr-libc.fplib
                0x00002144        0xc c:/program files (x86)/atmel/studio/7.0/toolchain/avr8/avr8-gnu-toolchain/bin/../lib/gcc/avr/5.4.0/../../../../avr/lib/avr5\libm.a(fp_inf.o)
                0x00002144                __fp_inf
 .text.avr-libc.fplib
                0x00002150        0x6 c:/program files (x86)/atmel/studio/7.0/toolchain/avr8/avr8-gnu-toolchain/bin/../lib/gcc/avr/5.4.0/../../../../avr/lib/avr5\libm.a(fp_nan.o)
                0x00002150                __fp_nan
 .text.avr-libc.fplib
                0x00002156       0x4e c:/program files (x86)/atmel/studio/7.0/toolchain/avr8/avr8-gnu-toolchain/bin/../lib/gcc/avr/5.4.0/../../../../avr/lib/avr5\libm.a(fp_powser.o)
                0x00002156                __fp_powser
 .text.avr-libc.fplib
                0x000021a4        0xe c:/program files (x86)/atmel/studio/7.0/toolchain/avr8/avr8-gnu-toolchain/bin/../lib/gcc/avr/5.4.0/../../../../avr/lib/avr5\libm.a(fp_pscA.o)
                0x000021a4                __fp_pscA
 .text.avr-libc.fplib
                0x000021b2        0xe c:/program files (x86)/atmel/studio/7.0/toolchain/avr8/avr8-gnu-toolchain/bin/../lib/gcc/avr/5.4.0/../../../../avr/lib/avr5\libm.a(fp_pscB.o)
                0x000021b2                __fp_pscB
 .text.avr-libc.fplib
                0x000021c0       0x56 c:/program files (x86)/atmel/studio/7.0/toolchain/avr8/avr8-gnu-toolchain/bin/../lib/gcc/avr/5.4.0/../../../../avr/lib/avr5\libm.a(fp_rempio2.o)
                0x000021c4                __fp_rempio2
 .text.avr-libc.fplib
                0x00002216       0x22 c:/program files (x86)/atmel/studio/7.0/toolchain/avr8/avr8-gnu-toolchain/bin/../lib/gcc/avr/5.4.0/../../../../avr/lib/avr5\libm.a(fp_round.o)
                0x00002216                __fp_round
 .text.avr-libc.fplib
                0x00002238       0x28 c:/program files (x86)/atmel/studio/7.0/toolchain/avr8/avr8-gnu-toolchain/bin/../lib/gcc/avr/5.4.0/../../../../avr/lib/avr5\libm.a(fp_sinus.o)
                0x00002238                __fp_sinus
 .text.avr-libc.fplib
                0x00002260       0x44 c:/program files (x86)/atmel/studio/7.0/toolchain/avr8/avr8-gnu-toolchain/bin/../lib/gcc/avr/5.4.0/../../../../avr/lib/avr5\libm.a(fp_split3.o)
                0x00002260                __fp_split3
                0x00002270                __fp_splitA
 .text.avr-libc.fplib
                0x000022a4        0xe c:/program files (x86)/atmel/studio/7.0/toolchain/avr8/avr8-gnu-toolchain/bin/../lib/gcc/avr/5.4.0/../../../../avr/lib/avr5\libm.a(fp_zero.o)
                0x000022a4                __fp_zero
                0x000022a6                __fp_szero
 .text.avr-libc.fplib
                0x000022b2       0x10 c:/program files (x86)/atmel/studio/7.0/toolchain/avr8/avr8-gnu-toolchain/bin/../lib/gcc/avr/5.4.0/../../../../avr/lib/avr5\libm.a(inverse.o)
                0x000022b2                inverse
 .text.avr-libc.fplib
                0x000022c2        0x8 c:/program files (x86)/atmel/studio/7.0/toolchain/avr8/avr8-gnu-toolchain/bin/../lib/gcc/avr/5.4.0/../../../../avr/lib/avr5\libm.a(mulsf3.o)
                0x000022c2                __mulsf3
 .text.avr-libc.fplib
                0x000022ca       0xd2 c:/program files (x86)/atmel/studio/7.0/toolchain/avr8/avr8-gnu-toolchain/bin/../lib/gcc/avr/5.4.0/../../../../avr/lib/avr5\libm.a(mulsf3x.o)
                0x000022e8                __mulsf3x
                0x000022ee                __mulsf3_pse
 .text.avr-libc.fplib
                0x0000239c       0xa0 c:/program files (x86)/atmel/studio/7.0/toolchain/avr8/avr8-gnu-toolchain/bin/../lib/gcc/avr/5.4.0/../../../../avr/lib/avr5\libm.a(pow.o)
                0x0000239c                pow
 .text.avr-libc.fplib
                0x0000243c       0x10 c:/program files (x86)/atmel/studio/7.0/toolchain/avr8/avr8-gnu-toolchain/bin/../lib/gcc/avr/5.4.0/../../../../avr/lib/avr5\libm.a(sin.o)
                0x0000243c                sin
 .text.avr-libc.fplib
                0x0000244c       0x8c c:/program files (x86)/atmel/studio/7.0/toolchain/avr8/avr8-gnu-toolchain/bin/../lib/gcc/avr/5.4.0/../../../../avr/lib/avr5\libm.a(sqrt.o)
                0x00002458                sqrtf
                0x00002458                sqrt
 .text.avr-libc.fplib
                0x000024d8        0x8 c:/program files (x86)/atmel/studio/7.0/toolchain/avr8/avr8-gnu-toolchain/bin/../lib/gcc/avr/5.4.0/../../../../avr/lib/avr5\libm.a(square.o)
                0x000024d8                square
 .text.avr-libc.fplib
                0x000024e0       0x74 c:/program files (x86)/atmel/studio/7.0/toolchain/avr8/avr8-gnu-toolchain/bin/../lib/gcc/avr/5.4.0/../../../../avr/lib/avr5\libm.a(exp.o)
                0x000024f0                exp
 .text.avr-libc.fplib
                0x00002554       0x1c c:/program files (x86)/atmel/studio/7.0/toolchain/avr8/avr8-gnu-toolchain/bin/../lib/gcc/avr/5.4.0/../../../../avr/lib/avr5\libm.a(fp_mpack.o)
                0x00002554                __fp_mpack
                0x00002558                __fp_mpack_finite
 .text.avr-libc.fplib
                0x00002570        0xe c:/program files (x86)/atmel/studio/7.0/toolchain/avr8/avr8-gnu-toolchain/bin/../lib/gcc/avr/5.4.0/../../../../avr/lib/avr5\libm.a(fp_norm2.o)
                0x00002570                __fp_norm2
 .text.avr-libc.fplib
                0x0000257e       0x28 c:/program files (x86)/atmel/studio/7.0/toolchain/avr8/avr8-gnu-toolchain/bin/../lib/gcc/avr/5.4.0/../../../../avr/lib/avr5\libm.a(fp_powsodd.o)
                0x0000257e                __fp_powsodd
 .text.avr-libc.fplib
                0x000025a6       0x74 c:/program files (x86)/atmel/studio/7.0/toolchain/avr8/avr8-gnu-toolchain/bin/../lib/gcc/avr/5.4.0/../../../../avr/lib/avr5\libm.a(ldexp.o)
                0x000025ae                ldexp
 .text.avr-libc.fplib
                0x0000261a       0xa0 c:/program files (x86)/atmel/studio/7.0/toolchain/avr8/avr8-gnu-toolchain/bin/../lib/gcc/avr/5.4.0/../../../../avr/lib/avr5\libm.a(log.o)
                0x0000262a                log
 .text.avr-libc.fplib
                0x000026ba       0x68 c:/program files (x86)/atmel/studio/7.0/toolchain/avr8/avr8-gnu-toolchain/bin/../lib/gcc/avr/5.4.0/../../../../avr/lib/avr5\libm.a(modf.o)
                0x000026ba                modf
                0x000026ba                modff
 .text.avr-libc
                0x00002722      0x6fa c:/program files (x86)/atmel/studio/7.0/toolchain/avr8/avr8-gnu-toolchain/bin/../lib/gcc/avr/5.4.0/../../../../avr/lib/avr5\libprintf_flt.a(vfprintf_flt.o)
                0x00002722                vfprintf
 .text.libgcc.mul
                0x00002e1c       0x20 c:/program files (x86)/atmel/studio/7.0/toolchain/avr8/avr8-gnu-toolchain/bin/../lib/gcc/avr/5.4.0/avr5\libgcc.a(_mulsi3.o)
                0x00002e1c                __mulsi3
 .text.libgcc.div
                0x00002e3c       0x44 c:/program files (x86)/atmel/studio/7.0/toolchain/avr8/avr8-gnu-toolchain/bin/../lib/gcc/avr/5.4.0/avr5\libgcc.a(_udivmodsi4.o)
                0x00002e3c                __udivmodsi4
 .text.libgcc   0x00002e80        0xc c:/program files (x86)/atmel/studio/7.0/toolchain/avr8/avr8-gnu-toolchain/bin/../lib/gcc/avr/5.4.0/avr5\libgcc.a(_tablejump2.o)
                0x00002e80                __tablejump2__
 .text.libgcc.mul
                0x00002e8c       0x16 c:/program files (x86)/atmel/studio/7.0/toolchain/avr8/avr8-gnu-toolchain/bin/../lib/gcc/avr/5.4.0/avr5\libgcc.a(_muluhisi3.o)
                0x00002e8c                __muluhisi3
 .text.libgcc.mul
                0x00002ea2       0x10 c:/program files (x86)/atmel/studio/7.0/toolchain/avr8/avr8-gnu-toolchain/bin/../lib/gcc/avr/5.4.0/avr5\libgcc.a(_mulshisi3.o)
                0x00002ea2                __mulshisi3
                0x00002ea8                __mulohisi3
 .text.libgcc.mul
                0x00002eb2       0x56 c:/program files (x86)/atmel/studio/7.0/toolchain/avr8/avr8-gnu-toolchain/bin/../lib/gcc/avr/5.4.0/avr5\libgcc.a(_umulsidi3.o)
                0x00002eb2                __umulsidi3
                0x00002eb4                __umulsidi3_helper
 .text.libgcc.prologue
                0x00002f08       0x38 c:/program files (x86)/atmel/studio/7.0/toolchain/avr8/avr8-gnu-toolchain/bin/../lib/gcc/avr/5.4.0/avr5\libgcc.a(_prologue.o)
                0x00002f08                __prologue_saves__
 .text.libgcc.prologue
                0x00002f40       0x36 c:/program files (x86)/atmel/studio/7.0/toolchain/avr8/avr8-gnu-toolchain/bin/../lib/gcc/avr/5.4.0/avr5\libgcc.a(_epilogue.o)
                0x00002f40                __epilogue_restores__
 .text.libgcc.builtins
                0x00002f76       0x3c c:/program files (x86)/atmel/studio/7.0/toolchain/avr8/avr8-gnu-toolchain/bin/../lib/gcc/avr/5.4.0/avr5\libgcc.a(_ashrdi3.o)
                0x00002f76                __ashrdi3
                0x00002f7a                __lshrdi3
 .text.libgcc   0x00002fb2       0x18 c:/program files (x86)/atmel/studio/7.0/toolchain/avr8/avr8-gnu-toolchain/bin/../lib/gcc/avr/5.4.0/avr5\libgcc.a(_adddi3_s8.o)
                0x00002fb2                __adddi3_s8
 .text.libgcc.mul
                0x00002fca       0x1e c:/program files (x86)/atmel/studio/7.0/toolchain/avr8/avr8-gnu-toolchain/bin/../lib/gcc/avr/5.4.0/avr5\libgcc.a(_umulhisi3.o)
                0x00002fca                __umulhisi3
 .text.libgcc.mul
                0x00002fe8       0x12 c:/program files (x86)/atmel/studio/7.0/toolchain/avr8/avr8-gnu-toolchain/bin/../lib/gcc/avr/5.4.0/avr5\libgcc.a(_muldi3_6.o)
                0x00002fe8                __muldi3_6
 .text.avr-libc
                0x00002ffa       0x4e c:/program files (x86)/atmel/studio/7.0/toolchain/avr8/avr8-gnu-toolchain/bin/../lib/gcc/avr/5.4.0/../../../../avr/lib/avr5\libc.a(atol.o)
                0x00002ffa                atol
 .text.avr-libc
                0x00003048      0x1b0 c:/program files (x86)/atmel/studio/7.0/toolchain/avr8/avr8-gnu-toolchain/bin/../lib/gcc/avr/5.4.0/../../../../avr/lib/avr5\libc.a(ftoa_engine.o)
                0x00003048                __ftoa_engine
 .text.avr-libc
                0x000031f8       0x16 c:/program files (x86)/atmel/studio/7.0/toolchain/avr8/avr8-gnu-toolchain/bin/../lib/gcc/avr/5.4.0/../../../../avr/lib/avr5\libc.a(strnlen_P.o)
                0x000031f8                strnlen_P
 .text.avr-libc
                0x0000320e       0x12 c:/program files (x86)/atmel/studio/7.0/toolchain/avr8/avr8-gnu-toolchain/bin/../lib/gcc/avr/5.4.0/../../../../avr/lib/avr5\libc.a(strcmp.o)
                0x0000320e                strcmp
 .text.avr-libc
                0x00003220        0xe c:/program files (x86)/atmel/studio/7.0/toolchain/avr8/avr8-gnu-toolchain/bin/../lib/gcc/avr/5.4.0/../../../../avr/lib/avr5\libc.a(strcpy.o)
                0x00003220                strcpy
 .text.avr-libc
                0x0000322e       0x1e c:/program files (x86)/atmel/studio/7.0/toolchain/avr8/avr8-gnu-toolchain/bin/../lib/gcc/avr/5.4.0/../../../../avr/lib/avr5\libc.a(strncpy.o)
                0x0000322e                strncpy
 .text.avr-libc
                0x0000324c       0x16 c:/program files (x86)/atmel/studio/7.0/toolchain/avr8/avr8-gnu-toolchain/bin/../lib/gcc/avr/5.4.0/../../../../avr/lib/avr5\libc.a(strnlen.o)
                0x0000324c                strnlen
 .text.avr-libc
                0x00003262       0x2a c:/program files (x86)/atmel/studio/7.0/toolchain/avr8/avr8-gnu-toolchain/bin/../lib/gcc/avr/5.4.0/../../../../avr/lib/avr5\libc.a(mulsi10.o)
                0x00003262                __mulsi_const_10
 .text.avr-libc
                0x0000328c       0x78 c:/program files (x86)/atmel/studio/7.0/toolchain/avr8/avr8-gnu-toolchain/bin/../lib/gcc/avr/5.4.0/../../../../avr/lib/avr5\libc.a(fputc.o)
                0x0000328c                fputc
 .text.avr-libc
                0x00003304       0x44 c:/program files (x86)/atmel/studio/7.0/toolchain/avr8/avr8-gnu-toolchain/bin/../lib/gcc/avr/5.4.0/../../../../avr/lib/avr5\libc.a(sprintf.o)
                0x00003304                sprintf
 .text.avr-libc
                0x00003348       0xbc c:/program files (x86)/atmel/studio/7.0/toolchain/avr8/avr8-gnu-toolchain/bin/../lib/gcc/avr/5.4.0/../../../../avr/lib/avr5\libc.a(ultoa_invert.o)
                0x00003348                __ultoa_invert
 .text.avr-libc
                0x00003404       0x10 C:/Program Files (x86)/Atmel/Studio/7.0/Packs/atmel/ATmega_DFP/1.7.374/gcc/dev/atmega32/avr5\libatmega32.a(eerd_byte.o)
                0x00003404                eeprom_read_byte
 .text.avr-libc
                0x00003414       0x1a C:/Program Files (x86)/Atmel/Studio/7.0/Packs/atmel/ATmega_DFP/1.7.374/gcc/dev/atmega32/avr5\libatmega32.a(eewr_byte.o)
                0x00003414                eeprom_write_byte
                0x00003416                eeprom_write_r18
                0x0000342e                . = ALIGN (0x2)
 *(.fini9)
 .fini9         0x0000342e        0x0 c:/program files (x86)/atmel/studio/7.0/toolchain/avr8/avr8-gnu-toolchain/bin/../lib/gcc/avr/5.4.0/avr5\libgcc.a(_exit.o)
                0x0000342e                _exit
                0x0000342e                exit
 *(.fini9)
 *(.fini8)
 *(.fini8)
 *(.fini7)
 *(.fini7)
 *(.fini6)
 *(.fini6)
 *(.fini5)
 *(.fini5)
 *(.fini4)
 *(.fini4)
 *(.fini3)
 *(.fini3)
 *(.fini2)
 *(.fini2)
 *(.fini1)
 *(.fini1)
 *(.fini0)
 .fini0         0x0000342e        0x4 c:/program files (x86)/atmel/studio/7.0/toolchain/avr8/avr8-gnu-toolchain/bin/../lib/gcc/avr/5.4.0/avr5\libgcc.a(_exit.o)
 *(.fini0)
                0x00003432                _etext = .

.data           0x00800060      0x1c6 load address 0x00003432
                0x00800060                PROVIDE (__data_start, .)
 *(.data)
 *(.data*)
 .data.gpsStream
                0x00800060        0x2 main.o
                0x00800060                gpsStream
 *(.gnu.linkonce.d*)
 *(.rodata)
 *(.rodata*)
 .rodata.str1.1
                0x00800062       0x3a GPS/TinyGPS++.o
                                 0x4c (size before relaxing)
 .rodata._ZZN11TinyGPSPlus8cardinalEdE10directions
                0x0080009c       0x20 GPS/TinyGPS++.o
 .rodata.str1.1
                0x008000bc      0x169 main.o
 *(.gnu.linkonce.r*)
                0x00800226                . = ALIGN (0x2)
 *fill*         0x00800225        0x1 
                0x00800226                _edata = .
                0x00800226                PROVIDE (__data_end, .)

.bss            0x00800226       0xc8
                0x00800226                PROVIDE (__bss_start, .)
 *(.bss)
 *(.bss*)
 .bss._1ms      0x00800226        0x2 GPS/Timing/runTime.o
                0x00800226                _1ms
 .bss._runTime  0x00800228        0x8 GPS/Timing/runTime.o
                0x00800228                _runTime
 .bss.gps       0x00800230       0xad main.o
                0x00800230                gps
 .bss.working   0x008002dd        0x1 main.o
                0x008002dd                working
 .bss.lcdBuf    0x008002de       0x10 main.o
                0x008002de                lcdBuf
 *(COMMON)
                0x008002ee                PROVIDE (__bss_end, .)
                0x00003432                __data_load_start = LOADADDR (.data)
                0x000035f8                __data_load_end = (__data_load_start + SIZEOF (.data))

.noinit         0x008002ee        0x0
                [!provide]                PROVIDE (__noinit_start, .)
 *(.noinit*)
                [!provide]                PROVIDE (__noinit_end, .)
                0x008002ee                _end = .
                [!provide]                PROVIDE (__heap_start, .)

.eeprom         0x00810000        0x0
 *(.eeprom*)
                0x00810000                __eeprom_end = .

.fuse
 *(.fuse)
 *(.lfuse)
 *(.hfuse)
 *(.efuse)

.lock
 *(.lock*)

.signature
 *(.signature*)

.user_signatures
 *(.user_signatures*)

.stab
 *(.stab)

.stabstr
 *(.stabstr)

.stab.excl
 *(.stab.excl)

.stab.exclstr
 *(.stab.exclstr)

.stab.index
 *(.stab.index)

.stab.indexstr
 *(.stab.indexstr)

.comment        0x00000000       0x5c
 *(.comment)
 .comment       0x00000000       0x30 GPS/Timing/runTime.o
                                 0x31 (size before relaxing)
 .comment       0x00000030       0x31 GPS/TinyGPS++.o
 .comment       0x00000030       0x31 LCD/easyAVRLCD.o
 .comment       0x00000030       0x31 main.o
 .comment       0x00000030       0x31 USART/USARTHandler.o
 .comment       0x00000030       0x2c c:/program files (x86)/atmel/studio/7.0/toolchain/avr8/avr8-gnu-toolchain/bin/../lib/gcc/avr/5.4.0/../../../../avr/lib/avr5\libprintf_flt.a(vfprintf_flt.o)
                                 0x2d (size before relaxing)
 .comment       0x0000005c       0x31 c:/program files (x86)/atmel/studio/7.0/toolchain/avr8/avr8-gnu-toolchain/bin/../lib/gcc/avr/5.4.0/../../../../avr/lib/avr5\libc.a(fputc.o)
 .comment       0x0000005c       0x31 c:/program files (x86)/atmel/studio/7.0/toolchain/avr8/avr8-gnu-toolchain/bin/../lib/gcc/avr/5.4.0/../../../../avr/lib/avr5\libc.a(sprintf.o)

.note.gnu.avr.deviceinfo
                0x00000000       0x3c
 .note.gnu.avr.deviceinfo
                0x00000000       0x3c C:/Program Files (x86)/Atmel/Studio/7.0/Packs/atmel/ATmega_DFP/1.7.374/gcc/dev/atmega32/avr5/crtatmega32.o

.note.gnu.build-id
 *(.note.gnu.build-id)

.debug
 *(.debug)

.line
 *(.line)

.debug_srcinfo
 *(.debug_srcinfo)

.debug_sfnames
 *(.debug_sfnames)

.debug_aranges  0x00000000      0x2d8
 *(.debug_aranges)
 .debug_aranges
                0x00000000       0x30 GPS/Timing/runTime.o
 .debug_aranges
                0x00000030      0x128 GPS/TinyGPS++.o
 .debug_aranges
                0x00000158       0x88 LCD/easyAVRLCD.o
 .debug_aranges
                0x000001e0       0x80 main.o
 .debug_aranges
                0x00000260       0x38 USART/USARTHandler.o
 .debug_aranges
                0x00000298       0x20 C:/Program Files (x86)/Atmel/Studio/7.0/Packs/atmel/ATmega_DFP/1.7.374/gcc/dev/atmega32/avr5\libatmega32.a(eerd_byte.o)
 .debug_aranges
                0x000002b8       0x20 C:/Program Files (x86)/Atmel/Studio/7.0/Packs/atmel/ATmega_DFP/1.7.374/gcc/dev/atmega32/avr5\libatmega32.a(eewr_byte.o)

.debug_pubnames
 *(.debug_pubnames)

.debug_info     0x00000000     0x5b7a
 *(.debug_info .gnu.linkonce.wi.*)
 .debug_info    0x00000000      0x4e6 C:/Program Files (x86)/Atmel/Studio/7.0/Packs/atmel/ATmega_DFP/1.7.374/gcc/dev/atmega32/avr5/crtatmega32.o
 .debug_info    0x000004e6      0x12f GPS/Timing/runTime.o
 .debug_info    0x00000615     0x2533 GPS/TinyGPS++.o
 .debug_info    0x00002b48      0x8f4 LCD/easyAVRLCD.o
 .debug_info    0x0000343c     0x24fb main.o
 .debug_info    0x00005937      0x113 USART/USARTHandler.o
 .debug_info    0x00005a4a       0x98 C:/Program Files (x86)/Atmel/Studio/7.0/Packs/atmel/ATmega_DFP/1.7.374/gcc/dev/atmega32/avr5\libatmega32.a(eerd_byte.o)
 .debug_info    0x00005ae2       0x98 C:/Program Files (x86)/Atmel/Studio/7.0/Packs/atmel/ATmega_DFP/1.7.374/gcc/dev/atmega32/avr5\libatmega32.a(eewr_byte.o)

.debug_abbrev   0x00000000     0x117e
 *(.debug_abbrev)
 .debug_abbrev  0x00000000      0x4a3 C:/Program Files (x86)/Atmel/Studio/7.0/Packs/atmel/ATmega_DFP/1.7.374/gcc/dev/atmega32/avr5/crtatmega32.o
 .debug_abbrev  0x000004a3       0xb6 GPS/Timing/runTime.o
 .debug_abbrev  0x00000559      0x4e0 GPS/TinyGPS++.o
 .debug_abbrev  0x00000a39      0x186 LCD/easyAVRLCD.o
 .debug_abbrev  0x00000bbf      0x4c0 main.o
 .debug_abbrev  0x0000107f       0xd7 USART/USARTHandler.o
 .debug_abbrev  0x00001156       0x14 C:/Program Files (x86)/Atmel/Studio/7.0/Packs/atmel/ATmega_DFP/1.7.374/gcc/dev/atmega32/avr5\libatmega32.a(eerd_byte.o)
 .debug_abbrev  0x0000116a       0x14 C:/Program Files (x86)/Atmel/Studio/7.0/Packs/atmel/ATmega_DFP/1.7.374/gcc/dev/atmega32/avr5\libatmega32.a(eewr_byte.o)

.debug_line     0x00000000     0x1a5d
 *(.debug_line .debug_line.* .debug_line_end)
 .debug_line    0x00000000      0x116 C:/Program Files (x86)/Atmel/Studio/7.0/Packs/atmel/ATmega_DFP/1.7.374/gcc/dev/atmega32/avr5/crtatmega32.o
 .debug_line    0x00000116      0x123 GPS/Timing/runTime.o
 .debug_line    0x00000239      0x9dc GPS/TinyGPS++.o
 .debug_line    0x00000c15      0x498 LCD/easyAVRLCD.o
 .debug_line    0x000010ad      0x7c7 main.o
 .debug_line    0x00001874       0xd7 USART/USARTHandler.o
 .debug_line    0x0000194b       0x7a C:/Program Files (x86)/Atmel/Studio/7.0/Packs/atmel/ATmega_DFP/1.7.374/gcc/dev/atmega32/avr5\libatmega32.a(eerd_byte.o)
 .debug_line    0x000019c5       0x98 C:/Program Files (x86)/Atmel/Studio/7.0/Packs/atmel/ATmega_DFP/1.7.374/gcc/dev/atmega32/avr5\libatmega32.a(eewr_byte.o)

.debug_frame    0x00000000      0x9b8
 *(.debug_frame)
 .debug_frame   0x00000000       0x8c GPS/Timing/runTime.o
 .debug_frame   0x0000008c      0x4ac GPS/TinyGPS++.o
 .debug_frame   0x00000538      0x140 LCD/easyAVRLCD.o
 .debug_frame   0x00000678      0x2d8 main.o
 .debug_frame   0x00000950       0x68 USART/USARTHandler.o

.debug_str      0x00000000     0x1a4b
 *(.debug_str)
 .debug_str     0x00000000      0x196 C:/Program Files (x86)/Atmel/Studio/7.0/Packs/atmel/ATmega_DFP/1.7.374/gcc/dev/atmega32/avr5/crtatmega32.o
 .debug_str     0x00000196      0x1e9 GPS/Timing/runTime.o
                                0x225 (size before relaxing)
 .debug_str     0x0000037f      0xede GPS/TinyGPS++.o
                               0x10f4 (size before relaxing)
 .debug_str     0x0000125d      0x1c7 LCD/easyAVRLCD.o
                                0x374 (size before relaxing)
 .debug_str     0x00001424      0x5bd main.o
                               0x1572 (size before relaxing)
 .debug_str     0x000019e1       0x6a USART/USARTHandler.o
                                0x23d (size before relaxing)

.debug_loc      0x00000000     0x2f7c
 *(.debug_loc)
 .debug_loc     0x00000000       0xea GPS/Timing/runTime.o
 .debug_loc     0x000000ea     0x18d3 GPS/TinyGPS++.o
 .debug_loc     0x000019bd      0x89f LCD/easyAVRLCD.o
 .debug_loc     0x0000225c      0xc7d main.o
 .debug_loc     0x00002ed9       0xa3 USART/USARTHandler.o

.debug_macinfo
 *(.debug_macinfo)

.debug_weaknames
 *(.debug_weaknames)

.debug_funcnames
 *(.debug_funcnames)

.debug_typenames
 *(.debug_typenames)

.debug_varnames
 *(.debug_varnames)

.debug_pubtypes
 *(.debug_pubtypes)

.debug_ranges   0x00000000      0x290
 *(.debug_ranges)
 .debug_ranges  0x00000000       0x20 GPS/Timing/runTime.o
 .debug_ranges  0x00000020      0x118 GPS/TinyGPS++.o
 .debug_ranges  0x00000138       0x78 LCD/easyAVRLCD.o
 .debug_ranges  0x000001b0       0xb8 main.o
 .debug_ranges  0x00000268       0x28 USART/USARTHandler.o

.debug_macro
 *(.debug_macro)
OUTPUT(AVRPathfinder.elf elf32-avr)
LOAD linker stubs
